// Jest Snapshot v1, https://goo.gl/fbAQLP

exports[`<Header /> should render correctly 1`] = `
<div>
  <div
    class="grid grid-cols-1 gap-8 lg:grid-cols-2"
  >
    <div
      class="space-y-4"
    >
      <h2
        class="text-4xl font-bold text-teal-500"
      >
        title
      </h2>
      <div
        class="grid-col-1 grid gap-4 sm:grid-cols-3"
      >
        <div>
          <span
            class="mb-1 flex border-b border-b-slate-500 text-sm text-slate-500"
          >
            Release date
          </span>
          <p
            class="text-lg text-slate-200"
          >
            release_date
          </p>
        </div>
        <div>
          <span
            class="mb-1 flex border-b border-b-slate-500 text-sm text-slate-500"
          >
            Time
          </span>
          <p
            class="text-lg text-slate-200"
          >
            running_time
            min
          </p>
        </div>
        <div>
          <span
            class="mb-1 flex border-b border-b-slate-500 text-sm text-slate-500"
          >
            Rating
          </span>
          <p
            class="text-lg text-slate-200"
          >
            7.5
            /10
          </p>
        </div>
      </div>
    </div>
    <div>
      <p
        class="text-base text-slate-100"
      >
        description
      </p>
    </div>
  </div>
</div>
`;
